info: Navigating to onboarding page
info: Clicking "I need a new wallet"
info: Reading recovery phrase
info: Clicking "I saved my recovery phrase"
info: Entering recovery phrase
info: Clicking "Continue"
info: Entering password
info: Clicking "Continue"
info: Clicking "I agree, let’s go"
info: Opening wallet management
info: Verifying Main wallet is displayed
info: Adding new wallet
info: Managing recovery phrase
info: Verifying first toggle is disabled and on
info: Selecting 3rd and 4th recovery phrase items
info: Saving recovery phrase
info: Verifying wallet names
info: Navigating to onboarding page
info: Clicking "I need a new wallet"
info: Reading recovery phrase
info: Clicking "I saved my recovery phrase"
info: Entering recovery phrase
info: Clicking "Continue"
info: Entering password
info: Clicking "Continue"
info: Clicking "I agree, let’s go"
info: Opening wallet management
info: Verifying Main wallet is displayed
info: Adding new wallet
info: Managing recovery phrase
info: Verifying first toggle is disabled and on
info: Selecting 3rd and 4th recovery phrase items
info: Saving recovery phrase
info: Verifying wallet names
info: Navigating to onboarding page
info: Clicking "I need a new wallet"
info: Reading recovery phrase
info: Clicking "I saved my recovery phrase"
info: Entering recovery phrase
info: Clicking "Continue"
info: Entering password
info: Clicking "Continue"
info: Clicking "I agree, let’s go"
info: Opening wallet management
info: Verifying Main wallet is displayed
info: Adding new wallet
info: Managing recovery phrase
info: Verifying first toggle is disabled and on
info: Selecting 3rd and 4th recovery phrase items
info: Saving recovery phrase
info: Verifying wallet names
info: Navigating to onboarding page
info: Clicking "I need a new wallet"
info: Reading recovery phrase
info: Clicking "I saved my recovery phrase"
info: Entering recovery phrase
info: Clicking "Continue"
info: Entering password
info: Clicking "Continue"
info: Clicking "I agree, let’s go"
info: Opening wallet management
info: Verifying Main wallet is displayed
info: Adding new wallet
info: Managing recovery phrase
info: Verifying first toggle is disabled and on
info: Selecting 3rd and 4th recovery phrase items
info: Saving recovery phrase
info: Verifying wallet names
info: Navigating to onboarding page
info: Navigating to onboarding page
info: Navigating to onboarding page
info: Navigating to onboarding page
info: Navigating to onboarding page
info: Navigating to onboarding page
info: Navigating to onboarding page
info: Navigating to onboarding page
info: Navigating to onboarding page
info: Navigating to onboarding page
info: Navigating to onboarding page
info: Clicking "I need a new wallet"
info: Reading recovery phrase
info: Clicking "I saved my recovery phrase"
info: Entering recovery phrase
info: Clicking "Continue"
info: Entering password
info: Clicking "Continue"
info: Clicking "I agree, let’s go"
info: Opening wallet management
info: Verifying Main wallet is displayed
info: Adding new wallet
info: Managing recovery phrase
info: Verifying first toggle is disabled and on
info: Selecting 3rd and 4th recovery phrase items
info: Saving recovery phrase
info: Verifying wallet names
info: Navigating to onboarding page
info: Navigating to onboarding page
info: Clicking "I need a new wallet"
info: Reading recovery phrase
info: Clicking "I saved my recovery phrase"
info: Entering recovery phrase
info: Clicking "Continue"
info: Entering password
info: Clicking "Continue"
info: Clicking "I agree, let’s go"
info: Opening wallet management
info: Verifying Main wallet is displayed
info: Adding new wallet
info: Managing recovery phrase
info: Verifying first toggle is disabled and on
info: Selecting 3rd and 4th recovery phrase items
info: Saving recovery phrase
info: Verifying wallet names
info: Navigating to onboarding page
info: Clicking "I need a new wallet"
info: Reading recovery phrase
info: Clicking "I saved my recovery phrase"
info: Entering recovery phrase
info: Clicking "Continue"
info: Entering password
info: Clicking "Continue"
info: Clicking "I agree, let’s go"
info: Opening wallet management
info: Verifying Main wallet is displayed
info: Adding new wallet
info: Managing recovery phrase
info: Verifying first toggle is disabled and on
info: Selecting 3rd and 4th recovery phrase items
info: Saving recovery phrase
info: Verifying wallet names
info: Navigating to onboarding page
info: Navigating to onboarding page
info: Navigating to onboarding page
info: Navigating to onboarding page
info: Navigating to onboarding page
info: Clicking "I need a new wallet"
info: Reading recovery phrase
info: Clicking "I saved my recovery phrase"
info: Entering recovery phrase
info: Clicking "Continue"
info: Entering password
info: Clicking "Continue"
info: Clicking "I agree, let’s go"
info: Opening wallet management
info: Verifying Main wallet is displayed
info: Adding new wallet
info: Managing recovery phrase
info: Verifying first toggle is disabled and on
info: Selecting 3rd and 4th recovery phrase items
info: Saving recovery phrase
info: Verifying wallet names
